// Jest Snapshot v1, https://goo.gl/fbAQLP

exports[`Header should be rendered correctly 1`] = `
<header>
  <h1>
    expensify
  </h1>
  <NavLink
    activeClassName="is-active"
    ariaCurrent="true"
    exact={true}
    to="/"
  >
    home 
  </NavLink>
  <NavLink
    activeClassName="is-active"
    ariaCurrent="true"
    to="/create"
  >
    create expense 
  </NavLink>
  <NavLink
    activeClassName="is-active"
    ariaCurrent="true"
    to="/help"
  >
    help 
  </NavLink>
</header>
`;
